{"chars1":{"oldValue":["a","b","c"],"newValue":["a","b","c"]},"chars2":{"oldValue":["d","e","f"],"newValue":false},"checked":{"oldValue":false,"newValue":true},"default":{"oldValue":null,"newValue":["value1","value2"]},"id":{
"oldValue":45,"newValue":null},"key1":{"oldValue":"value1","newValue":null},"key2":{"oldValue":null,"newValue":"value2"},"numbers1":{"oldValue":[1,2,3,4],"newValue":[1,2,3,4]},"numbers2":{"oldValue":[2,3,4,5],"newValue":[22,3
3,44,55]},"numbers3":{"oldValue":[3,4,5],"newValue":null},"numbers4":{"oldValue":null,"newValue":[4,5,6]},"obj1":{"oldValue":null,"newValue":{"nestedKey":"value","isNested":true}},"setting1":{"oldValue":"Some value","newValue
":"Another value"},"setting2":{"oldValue":200,"newValue":300},"setting3":{"oldValue":true,"newValue":"none"}}